=== TEST user1: Tim mach, 45 tuoi ===
Anomalies: 
